The Argument is invalid. A falsifying assignment is given below.

there is a God -> True
God is omniscient -> True
God is omnipotent -> True
He would know there is Evil -> True
He would prevent Evil -> True
There is Evil -> True
