The Argument is invalid. A falsifying assignment is given below.

there is a God -> True
God is omniscient -> True
God is omnipotent -> True
God would know there is Evil -> True
God would prevent Evil -> True
There is Evil -> True
