The Argument is invalid. A falsifying assignment is given below.

inflation rises -> False
the Government will be re-elected -> True
the Government takes a loan -> False
prices rise -> False
taxes are increased -> False
the poor and the salaried class are unhappy -> False
the businessmen are unhappy -> False
Government expenditure exceeds its revenue -> False
Government expenditure will exceed its revenue -> True
the Government resorts to deficit financing -> False
