The Argument is invalid. A falsifying assignment is given below.

prices rise -> False
the businessmen will be unhappy -> True
the poor and the salaried class are unhappy -> False
the businessmen are unhappy -> False
Government expenditure exceeds its revenue -> False
taxes are increased -> True
the Government resorts to deficit financing -> False
inflation rises -> False
the Government will be re-elected -> True
